{ "total_rows": 442,
	"offset": 272,
	"rows": [{
		"id": "291DAC65-AC46-A2B3-85A5-4975F9F02752",
		"key": ["learned",true],
		"value": null,
		"doc": {
			"_id": "291DAC65-AC46-A2B3-85A5-4975F9F02752",
			"_rev":"4-adee2e64ee0aa98f842c2039a55d71d1",
			"classification":{
				"classifier_id":"cd02b5x110-nlc-5413",
				"url":"https://gateway-s.watsonplatform.net/natural-language-classifier/api/v1/classifiers/cd02b5x110-nlc-5413",
				"text":"I think it might rain and I will go the cinema",
				"top_class":"weather.precipitation",
				"classes":[{
					"class_name":"weather.precipitation",
					"confidence":0.4435946853846557
					},
					{
					"class_name":"nlc.learn.detected",
					"confidence":0.20997455857790281
					},
					{
						"class_name":"nlc.train",
						"confidence":0.048525835167492995
					}
				]},
				"type":"learned",
				"ts":1467831395620,
				"selectedClass":"weather.precipitation",
				"approved":"1469200151886"
				}
			}
		]}
